main {
	vj: int = const 1;
	__r03: int = const 2;
	__r01: int = const 1;
	__r04: int = const 2;
	v3: int = const 3;
	v0: int = const 5;
	__r02: int = add vj __r01;
	v1: int = id __r01;
	__r01: int = sub __r03 v0;
	vf: int = id __r02;
	__r02: int = id vg;
	__r02: int = mul __r02 __r01;
	vh: int = id __r01;
	__r01: int = add vj __r04;
	vk: int = id __r03;
	__r03: int = add vj v3;
	vb: int = id __r02;
	__r02: int = id vf;
	__r02: int = id __r02;
	ve: int = id __r01;
	vc: int = id __r01;
	__r01: int = id ve;
	__r01: int = add __r01 v0;
	vd: int = id __r01;
	__r01: int = id vc;
	__r01: int = id __r01;
	vm: int = id __r03;
	vk: int = id __r03;
	__r03: int = id vm;
	__r03: int = add __r03 v0;
	vj: int = id vb;
	print vj;
	print __r03;
	print __r01;
}
