main {
	r_02: int = const 5;
	r_01: int = const 3;
	vb: int = id r_02
	va: int = id r_02;
	r_02: int = id vb;
	r_02: int = r_02 add r_01;
	vc: int = id r_01
	r_01: int = id r_02;
	vd: int = id r_01
	vc: int = id r_01;
	r_01: int = id vd;
	r_01: int = r_02 add r_01;
	print r_01;
}
