main {
	__r02: int = const 4;
	__r03: int = const 5;
	__r01: bool = const true;
	br __r01 right left;
left:
	b: bool = id __r01;
	__r01: int = id __r02;
	jmp end;
right:
	__r01: int = id __r03;
end:
	print __r01;
}
