main {
	__r02: int = const 0;
	v2: int = const 2;
	__r03: bool = const false;
	__r01: int = const 5;
	__r04: int = const 6;
	vb: int = id __r01;
	va: int = id __r01;
	__r01: int = id vb;
	__r01: int = add __r01 __r04;
	vd: int = id __r01;
	__r01: int = id va;
	__r01: int = sub __r02 __r01;
	__r02: int = add __r04 __r01;
	br __r03 one two;
one:
	__r04: int = mul v2 __r02;
	jmp end;
two:
	vb: int = id __r01;
	__r01: int = id vd;
	__r01: int = add __r01 __r02;
	__r02: int = sub __r02 v2;
end:
	__r01: int = add __r04 __r02;
	print __r01;
}
